// Jest Snapshot v1, https://goo.gl/fbAQLP

exports[`when applied with "minimizerOptions" option matches snapshot for "discardComments" option (disable): entry.css 1`] = `
"body{
  /* this is a comment */
  /*! this is a comment with exclamation mark */color:red}"
`;

exports[`when applied with "minimizerOptions" option matches snapshot for "discardComments" option (enable [default]): entry.css 1`] = `
"body{
  /*! this is a comment with exclamation mark */color:red}"
`;

exports[`when applied with "minimizerOptions" option matches snapshot for "discardComments" option (enable, with "removeAll" option): entry.css 1`] = `"body{color:red}"`;

exports[`when applied with "minimizerOptions" option matches snapshot for "discardEmpty" option (disable): entry.css 1`] = `"body{color:red}a{}"`;

exports[`when applied with "minimizerOptions" option matches snapshot for "discardEmpty" option (enable [default]): entry.css 1`] = `"body{color:red}"`;

exports[`when applied with "minimizerOptions" option matches snapshot for "mergeRules" option (disable): entry.css 1`] = `"body{color:red}body{font-weight:700}"`;

exports[`when applied with "minimizerOptions" option matches snapshot for "mergeRules" option (enable [default]): entry.css 1`] = `"body{color:red;font-weight:700}"`;

exports[`when applied with "minimizerOptions" option matches snapshot for "parser" option with "Function" value: index.sss 1`] = `"a{color:#000}"`;

exports[`when applied with "minimizerOptions" option matches snapshot for "parser" option with "String" value: index.sss 1`] = `"a{color:#000}"`;

exports[`when applied with "minimizerOptions" option matches snapshot for "preset" option with require.resolve "String" value: default-preset 1`] = `"p{border:0 solid var(--test);border-radius:var(--test);border-width:1px}"`;

exports[`when applied with "minimizerOptions" option matches snapshot for "preset" option with require.resolve "String" value: preset-simple 1`] = `"p{border:0 solid var(--test);border-radius:var(--test);border-width:1px}"`;

exports[`when applied with "minimizerOptions" option matches snapshot for "stringifier" option with "Function" value: entry.css 1`] = `"body  color:reda  color:blue"`;

exports[`when applied with "minimizerOptions" option matches snapshot for "stringifier" option with "String" value: entry.css 1`] = `"body  color:reda  color:blue"`;

exports[`when applied with "minimizerOptions" option matches snapshot for "syntax" option with "Function" value: index.sss 1`] = `"a  color:#000"`;

exports[`when applied with "minimizerOptions" option matches snapshot for "syntax" option with "String" value: index.sss 1`] = `"a  color:#000"`;
