// Jest Snapshot v1, https://goo.gl/fbAQLP

exports[`worker should emit error: error 1`] = `
Array [
  "/entry.css:1:1: Unknown word",
]
`;

exports[`worker should minify css: result 1`] = `
Object {
  "errors": Array [],
  "outputs": Array [
    Object {
      "code": ".foo{color:red}.bar{color:coral}",
      "map": Object {
        "file": "entry.css",
        "mappings": "AAAA,KAAK,SAAU,CACf,KAAK,WAAY",
        "names": Array [],
        "sources": Array [
          "entry.css",
        ],
        "sourcesContent": Array [
          ".foo{color:red;}
.bar{color:coral;}",
        ],
        "version": 3,
      },
    },
  ],
  "warnings": Array [],
}
`;

exports[`worker should work inputSourceMap as prev: result 1`] = `
Object {
  "errors": Array [],
  "outputs": Array [
    Object {
      "code": ".foo{color:red}.bar{color:coral}",
      "map": Object {
        "file": "entry.css",
        "mappings": "AAAA,KAAK,SAAU,CACf,KAAK,WAAY",
        "names": Array [],
        "sources": Array [
          "entry.css",
        ],
        "sourcesContent": Array [
          ".foo{color:red;}
.bar{color:coral;}",
        ],
        "version": 3,
      },
    },
  ],
  "warnings": Array [],
}
`;

exports[`worker should work options.minify function: result 1`] = `
Object {
  "errors": Array [],
  "outputs": Array [
    Object {
      "code": ".minify {};",
      "map": undefined,
    },
  ],
  "warnings": Array [],
}
`;
